Microchip MPLAB XC8 Compiler V1.44 ()

Linker command line:

-W-3 --edf=C:\Program Files (x86)\Microchip\xc8\v1.44\dat\en_msgs.txt -cs \
  -h+dist/default/production\RoadCrossingTrafficLightSystem.X.production.sym \
  --cmf=dist/default/production\RoadCrossingTrafficLightSystem.X.production.cmf \
  -z -Q16F877A -oC:\Users\Dinith\AppData\Local\Temp\s4jk.2 \
  -Mdist/default/production/RoadCrossingTrafficLightSystem.X.production.map \
  -E1 -ver=XC8 -ASTACK=0110h-016fh -pstack=STACK -ACODE=00h-07FFhx4 \
  -ASTRCODE=00h-01FFFh -ASTRING=00h-0FFhx32 -ACONST=00h-0FFhx32 \
  -AENTRY=00h-0FFhx32 -ACOMMON=070h-07Fh -ABANK0=020h-06Fh \
  -ABANK1=0A0h-0EFh -ABANK2=0110h-016Fh -ABANK3=0190h-01EFh \
  -ARAM=020h-06Fh,0A0h-0EFh,0110h-016Fh,0190h-01EFh \
  -AABS1=020h-07Fh,0A0h-0EFh,0110h-016Fh,0190h-01EFh -ASFR0=00h-01Fh \
  -ASFR1=080h-09Fh -ASFR2=0100h-010Fh -ASFR3=0180h-018Fh \
  -preset_vec=00h,intentry=04h,init,end_init -ppowerup=CODE -pcinit=CODE \
  -pfunctab=ENTRY -ACONFIG=02007h-02007h -pconfig=CONFIG -DCONFIG=2 \
  -AIDLOC=02000h-02003h -pidloc=IDLOC -DIDLOC=2 -AEEDATA=00h-0FFh/02100h \
  -peeprom_data=EEDATA -DEEDATA=2 -DCODE=2 -DSTRCODE=2 -DSTRING=2 -DCONST=2 \
  -DENTRY=2 -k C:\Users\Dinith\AppData\Local\Temp\s4jk.obj \
  dist/default/production\RoadCrossingTrafficLightSystem.X.production.obj 

Object code version is 3.11

Machine type is 16F877A



                Name                               Link     Load   Length Selector   Space Scale
C:\Users\Dinith\AppData\Local\Temp\s4jk.obj
                end_init                             12       12        3        8       0
                reset_vec                             0        0        3        0       0
                config                             2007     2007        1     400E       0
dist/default/production\RoadCrossingTrafficLightSystem.X.production.obj
                cinit                                15       15       27        8       0
                intentry                              4        4        E        8       0
                text14                              6B0      6B0       5B        8       0
                text13                              70B      70B       4B        8       0
                text12                              644      644       6C        8       0
                text11                              7D6      7D6       21        8       0
                text10                              454      454       D3        8       0
                text9                               5B6      5B6       8E        8       0
                text8                               7B5      7B5       21        8       0
                text7                               756      756       3B        8       0
                text6                                3C       3C      1EA        8       0
                text5                               FFA      FFA        6     1FF4       0
                text4                               527      527       8F        8       0
                text3                               36F      36F       E5        8       0
                text2                               7F7      7F7        6        8       0
                text1                               791      791       24        8       0
                maintext                            226      226      149        8       0
                cstackBANK0                          20       20       36       20       1
                cstackCOMMON                         70       70        E       70       1
                cstackBANK1                          A0       A0       28       A0       1
                bssBANK1                             C8       C8        6       A0       1
                dataBANK0                            56       56        4       20       1
                bssBANK0                             5A       5A        3       20       1
                idataBANK0                          FF6      FF6        4     1FEC       0

TOTAL           Name                               Link     Load   Length     Space
        CLASS   STACK          

        CLASS   CODE           
                end_init                             12       12        3         0
                cinit                                15       15       27         0
                intentry                              4        4        E         0
                reset_vec                             0        0        3         0
                text14                              6B0      6B0       5B         0
                text13                              70B      70B       4B         0
                text12                              644      644       6C         0
                text11                              7D6      7D6       21         0
                text10                              454      454       D3         0
                text9                               5B6      5B6       8E         0
                text8                               7B5      7B5       21         0
                text7                               756      756       3B         0
                text6                                3C       3C      1EA         0
                text5                               FFA      FFA        6         0
                text4                               527      527       8F         0
                text3                               36F      36F       E5         0
                text2                               7F7      7F7        6         0
                text1                               791      791       24         0
                maintext                            226      226      149         0
                idataBANK0                          FF6      FF6        4         0

        CLASS   STRCODE        

        CLASS   STRING         

        CLASS   CONST          

        CLASS   ENTRY          

        CLASS   COMMON         
                cstackCOMMON                         70       70        E         1

        CLASS   BANK0          
                cstackBANK0                          20       20       36         1
                dataBANK0                            56       56        4         1
                bssBANK0                             5A       5A        3         1

        CLASS   BANK1          
                cstackBANK1                          A0       A0       28         1
                bssBANK1                             C8       C8        6         1

        CLASS   BANK2          

        CLASS   BANK3          

        CLASS   RAM            

        CLASS   ABS1           
                abs_s1                               7E       7E        2         1

        CLASS   SFR0           

        CLASS   SFR1           

        CLASS   SFR2           

        CLASS   SFR3           

        CLASS   CONFIG         
                config                             2007     2007        1         0

        CLASS   IDLOC          

        CLASS   EEDATA         



SEGMENTS        Name                           Load    Length   Top    Selector   Space  Class     Delta

                reset_vec                      000000  000003  000003         0       0  CODE        2
                intentry                       000004  0007F9  0007FD         8       0  CODE        2
                cstackBANK0                    000020  00003D  00005D        20       1  BANK0       1
                cstackCOMMON                   000070  00000E  00007E        70       1  COMMON      1
                cstackBANK1                    0000A0  00002E  0000CE        A0       1  BANK1       1
                idataBANK0                     000FF6  000004  000FFA      1FEC       0  CODE        2
                text5                          000FFA  000006  001000      1FF4       0  CODE        2
                config                         002007  000001  002008      400E       0  CONFIG      2


UNUSED ADDRESS RANGES

        Name                Unused          Largest block    Delta
        BANK0            005D-006F             13           1
        BANK1            00CE-00EF             22           1
        BANK2            0110-016F             60           1
        BANK3            0190-01EF             60           1
        CODE             0003-0003              1           2
                         07FD-0FF5              3
                         1000-1FFF            800
        CONST            0003-0003              1           2
                         07FD-0FF5            100
                         1000-1FFF            100
        EEDATA           2100-21FF            100           2
        ENTRY            0003-0003              1           2
                         07FD-0FF5            100
                         1000-1FFF            100
        IDLOC            2000-2003              4           2
        RAM              005D-006F             13           1
                         00CE-00EF             22
                         0110-016F             60
                         0190-01EF             60
        SFR0             0000-001F             20           1
        SFR1             0080-009F             20           1
        SFR2             0100-010F             10           1
        SFR3             0180-018F             10           1
        STACK            0110-016F             60           1
        STRCODE          0003-0003              1           2
                         07FD-0FF5            7F9
                         1000-1FFF           1000
        STRING           0003-0003              1           2
                         07FD-0FF5            100
                         1000-1FFF            100

                                  Symbol Table

?___aldiv                 cstackBANK1  00A0
?___awdiv                 cstackCOMMON 0077
?___awmod                 cstackCOMMON 0070
?___awtoft                cstackCOMMON 0078
?___ftmul                 cstackBANK0  0020
?___ftpack                cstackCOMMON 0070
?___fttol                 cstackBANK0  0030
?___wmul                  cstackCOMMON 0070
ISR@dl                    cstackBANK0  004E
ISR@i                     cstackBANK0  0054
ISR@j                     cstackBANK0  0052
ISR@x                     cstackBANK0  0050
ISR@x0                    cstackBANK0  004A
ISR@x1                    cstackBANK0  0048
ISR@x2                    cstackBANK0  0046
UART_Init@baudrate        cstackBANK1  00AF
UART_Init@x               cstackBANK1  00BF
UART_Read_Text@Output     cstackBANK1  00A4
UART_Read_Text@i_60       cstackBANK1  00A5
UART_Read_Text@length     cstackBANK1  00A0
_BRGH                     (abs)        04C2
_CREN                     (abs)        00C4
_GIE                      (abs)        005F
_INTE                     (abs)        005C
_INTF                     (abs)        0059
_ISR                      text6        003C
_ISR$488                  cstackBANK0  004C
_PEIE                     (abs)        005E
_PORTC                    (abs)        0007
_PORTD                    (abs)        0008
_RB2                      (abs)        0032
_RB5                      (abs)        0035
_RB6                      (abs)        0036
_RB7                      (abs)        0037
_RCIF                     (abs)        0065
_RCREG                    (abs)        001A
_SPBRG                    (abs)        0099
_SPEN                     (abs)        00C7
_SYNC                     (abs)        04C4
_TRISB0                   (abs)        0430
_TRISB2                   (abs)        0432
_TRISB5                   (abs)        0435
_TRISB6                   (abs)        0436
_TRISB7                   (abs)        0437
_TRISC                    (abs)        0087
_TRISC7                   (abs)        043F
_TRISD                    (abs)        0088
_TXEN                     (abs)        04C5
_UART_Data_Ready          text5        0FFA
_UART_Init                text3        036F
_UART_Read                text2        07F7
_UART_Read_Text           text1        0791
__CFG_BOREN$ON            (abs)        0000
__CFG_CP$OFF              (abs)        0000
__CFG_CPD$OFF             (abs)        0000
__CFG_FOSC$HS             (abs)        0000
__CFG_LVP$OFF             (abs)        0000
__CFG_PWRTE$ON            (abs)        0000
__CFG_WDTE$OFF            (abs)        0000
__CFG_WRT$OFF             (abs)        0000
__Habs1                   abs1         0000
__Hbank0                  bank0        0000
__Hbank1                  bank1        0000
__Hbank2                  bank2        0000
__Hbank3                  bank3        0000
__HbssBANK0               bssBANK0     0000
__HbssBANK1               bssBANK1     0000
__Hcinit                  cinit        003C
__Hclrtext                clrtext      0000
__Hcode                   code         0000
__Hcommon                 common       0000
__Hconfig                 config       2008
__HcstackBANK0            cstackBANK0  0000
__HcstackBANK1            cstackBANK1  0000
__HcstackCOMMON           cstackCOMMON 0000
__HdataBANK0              dataBANK0    0000
__Heeprom_data            eeprom_data  0000
__Hend_init               end_init     0015
__Hfunctab                functab      0000
__HidataBANK0             idataBANK0   0000
__Hidloc                  idloc        0000
__Hinit                   init         0012
__Hintentry               intentry     0012
__Hmaintext               maintext     0000
__Hpowerup                powerup      0000
__Hram                    ram          0000
__Hreset_vec              reset_vec    0003
__Hsfr0                   sfr0         0000
__Hsfr1                   sfr1         0000
__Hsfr2                   sfr2         0000
__Hsfr3                   sfr3         0000
__Hspace_0                (abs)        2008
__Hspace_1                (abs)        00CE
__Hspace_2                (abs)        0000
__Hspace_3                (abs)        0000
__Hstack                  stack        0000
__Hstrings                strings      0000
__Htext                   text         0000
__Labs1                   abs1         0000
__Lbank0                  bank0        0000
__Lbank1                  bank1        0000
__Lbank2                  bank2        0000
__Lbank3                  bank3        0000
__LbssBANK0               bssBANK0     0000
__LbssBANK1               bssBANK1     0000
__Lcinit                  cinit        0015
__Lclrtext                clrtext      0000
__Lcode                   code         0000
__Lcommon                 common       0000
__Lconfig                 config       2007
__LcstackBANK0            cstackBANK0  0000
__LcstackBANK1            cstackBANK1  0000
__LcstackCOMMON           cstackCOMMON 0000
__LdataBANK0              dataBANK0    0000
__Leeprom_data            eeprom_data  0000
__Lend_init               end_init     0012
__Lfunctab                functab      0000
__LidataBANK0             idataBANK0   0000
__Lidloc                  idloc        0000
__Linit                   init         0012
__Lintentry               intentry     0004
__Lmaintext               maintext     0000
__Lpowerup                powerup      0000
__Lram                    ram          0000
__Lreset_vec              reset_vec    0000
__Lsfr0                   sfr0         0000
__Lsfr1                   sfr1         0000
__Lsfr2                   sfr2         0000
__Lsfr3                   sfr3         0000
__Lspace_0                (abs)        0000
__Lspace_1                (abs)        0000
__Lspace_2                (abs)        0000
__Lspace_3                (abs)        0000
__Lstack                  stack        0000
__Lstrings                strings      0000
__Ltext                   text         0000
__S0                      (abs)        2008
__S1                      (abs)        00CE
__S2                      (abs)        0000
__S3                      (abs)        0000
___aldiv                  text4        0527
___aldiv@counter          cstackBANK1  00A9
___aldiv@dividend         cstackBANK1  00A4
___aldiv@divisor          cstackBANK1  00A0
___aldiv@quotient         cstackBANK1  00AB
___aldiv@sign             cstackBANK1  00AA
___awdiv                  text14       06B0
___awdiv@counter          cstackBANK0  0020
___awdiv@dividend         cstackCOMMON 0079
___awdiv@divisor          cstackCOMMON 0077
___awdiv@quotient         cstackBANK0  0022
___awdiv@sign             cstackBANK0  0021
___awmod                  text13       070B
___awmod@counter          cstackCOMMON 0075
___awmod@dividend         cstackCOMMON 0072
___awmod@divisor          cstackCOMMON 0070
___awmod@sign             cstackCOMMON 0076
___awtoft                 text11       07D6
___awtoft@c               cstackCOMMON 0078
___awtoft@sign            cstackCOMMON 007D
___ftmul                  text10       0454
___ftmul@cntr             cstackBANK0  002E
___ftmul@exp              cstackBANK0  002A
___ftmul@f1               cstackBANK0  0020
___ftmul@f2               cstackBANK0  0023
___ftmul@f3_as_product    cstackBANK0  002B
___ftmul@sign             cstackBANK0  002F
___ftpack                 text12       0644
___ftpack@arg             cstackCOMMON 0070
___ftpack@exp             cstackCOMMON 0073
___ftpack@sign            cstackCOMMON 0074
___fttol                  text9        05B6
___fttol@exp1             cstackBANK0  003D
___fttol@f1               cstackBANK0  0030
___fttol@lval             cstackBANK0  0039
___fttol@sign1            cstackBANK0  0038
___int_sp                 stack        0000
___latbits                (abs)        0002
___sp                     stack        0000
___wmul                   text8        07B5
___wmul@multiplicand      cstackCOMMON 0072
___wmul@multiplier        cstackCOMMON 0070
___wmul@product           cstackCOMMON 0074
__end_of_ISR              text6        0226
__end_of_UART_Data_Ready  text5        1000
__end_of_UART_Init        text3        0454
__end_of_UART_Read        text2        07FD
__end_of_UART_Read_Text   text1        07B5
__end_of___aldiv          text4        05B6
__end_of___awdiv          text14       070B
__end_of___awmod          text13       0756
__end_of___awtoft         text11       07F7
__end_of___ftmul          text10       0527
__end_of___ftpack         text12       06B0
__end_of___fttol          text9        0644
__end_of___wmul           text8        07D6
__end_of__initialization  cinit        0038
__end_of_decTo7Seg        text7        0791
__end_of_main             maintext     036F
__initialization          cinit        0015
__pbssBANK0               bssBANK0     005A
__pbssBANK1               bssBANK1     00C8
__pcstackBANK0            cstackBANK0  0020
__pcstackBANK1            cstackBANK1  00A0
__pcstackCOMMON           cstackCOMMON 0070
__pdataBANK0              dataBANK0    0056
__pidataBANK0             idataBANK0   0FF6
__pintentry               intentry     0004
__pmaintext               maintext     0226
__ptext1                  text1        0791
__ptext10                 text10       0454
__ptext11                 text11       07D6
__ptext12                 text12       0644
__ptext13                 text13       070B
__ptext14                 text14       06B0
__ptext2                  text2        07F7
__ptext3                  text3        036F
__ptext4                  text4        0527
__ptext5                  text5        0FFA
__ptext6                  text6        003C
__ptext7                  text7        0756
__ptext8                  text8        07B5
__ptext9                  text9        05B6
__size_of_ISR             (abs)        0000
__size_of_UART_Data_Ready (abs)        0000
__size_of_UART_Init       (abs)        0000
__size_of_UART_Read       (abs)        0000
__size_of_UART_Read_Text  (abs)        0000
__size_of___aldiv         (abs)        0000
__size_of___awdiv         (abs)        0000
__size_of___awmod         (abs)        0000
__size_of___awtoft        (abs)        0000
__size_of___ftmul         (abs)        0000
__size_of___ftpack        (abs)        0000
__size_of___fttol         (abs)        0000
__size_of___wmul          (abs)        0000
__size_of_decTo7Seg       (abs)        0000
__size_of_main            (abs)        0000
_at                       dataBANK0    0058
_c1                       bssBANK1     00CB
_c2                       bssBANK1     00C8
_decTo7Seg                text7        0756
_en                       bssBANK0     005C
_main                     maintext     0226
_wt                       dataBANK0    0056
btemp                     (abs)        007E
decTo7Seg@a               cstackCOMMON 0070
end_of_initialization     cinit        0038
interrupt_function        intentry     0004
intlevel0                 functab      0000
intlevel1                 functab      0000
intlevel2                 functab      0000
intlevel3                 functab      0000
intlevel4                 functab      0000
intlevel5                 functab      0000
main@atc                  cstackBANK1  00C6
main@k                    cstackBANK1  00C4
main@wtc                  cstackBANK1  00C7
reset_vec                 reset_vec    0000
saved_w                   (abs)        007E
stackhi                   (abs)        0000
stacklo                   (abs)        0000
start                     init         0012
start_initialization      cinit        0015
wtemp0                    (abs)        007E


FUNCTION INFORMATION:

 *************** function _main *****************
 Defined at:
		line 163 in file "RoadCrossingTrafficLightSystem.c"
 Parameters:    Size  Location     Type
		None
 Auto vars:     Size  Location     Type
  k               2   36[BANK1 ] int 
  wtc             1   39[BANK1 ] unsigned char 
  atc             1   38[BANK1 ] unsigned char 
 Return value:  Size  Location     Type
                  1    wreg      void 
 Registers used:
		wreg, fsr0l, fsr0h, status,2, status,0, btemp+1, pclath, cstack
 Tracked objects:
		On entry : 
		On exit  : 
		Unchanged: 
 Data sizes:     COMMON   BANK0   BANK1   BANK3   BANK2
      Params:         0       0       0       0       0
      Locals:         0       0       4       0       0
      Temps:          0       0       3       0       0
      Totals:         0       0       7       0       0
Total ram usage:        7 bytes
 Hardware stack levels required when called:    5
 This function calls:
		_UART_Data_Ready
		_UART_Init
		_UART_Read
		_UART_Read_Text
 This function is called by:
		Startup code after reset
 This function uses a non-reentrant model


 *************** function _UART_Read_Text *****************
 Defined at:
		line 49 in file "RoadCrossingTrafficLightSystem.c"
 Parameters:    Size  Location     Type
  Output          1    wreg     PTR unsigned char 
		 -> c2(3), c1(3), 
  length          2    0[BANK1 ] unsigned int 
 Auto vars:     Size  Location     Type
  Output          1    4[BANK1 ] PTR unsigned char 
		 -> c2(3), c1(3), 
  i               2    5[BANK1 ] int 
  i               2    0        int 
 Return value:  Size  Location     Type
                  1    wreg      void 
 Registers used:
		wreg, fsr0l, fsr0h, status,2, status,0, pclath, cstack
 Tracked objects:
		On entry : 
		On exit  : 
		Unchanged: 
 Data sizes:     COMMON   BANK0   BANK1   BANK3   BANK2
      Params:         0       0       2       0       0
      Locals:         0       0       3       0       0
      Temps:          0       0       2       0       0
      Totals:         0       0       7       0       0
Total ram usage:        7 bytes
 Hardware stack levels used:    1
 Hardware stack levels required when called:    4
 This function calls:
		_UART_Read
 This function is called by:
		_main
 This function uses a non-reentrant model


 *************** function _UART_Read *****************
 Defined at:
		line 44 in file "RoadCrossingTrafficLightSystem.c"
 Parameters:    Size  Location     Type
		None
 Auto vars:     Size  Location     Type
		None
 Return value:  Size  Location     Type
                  1    wreg      unsigned char 
 Registers used:
		wreg
 Tracked objects:
		On entry : 
		On exit  : 
		Unchanged: 
 Data sizes:     COMMON   BANK0   BANK1   BANK3   BANK2
      Params:         0       0       0       0       0
      Locals:         0       0       0       0       0
      Temps:          0       0       0       0       0
      Totals:         0       0       0       0       0
Total ram usage:        0 bytes
 Hardware stack levels used:    1
 Hardware stack levels required when called:    3
 This function calls:
		Nothing
 This function is called by:
		_UART_Read_Text
		_main
 This function uses a non-reentrant model


 *************** function _UART_Init *****************
 Defined at:
		line 18 in file "RoadCrossingTrafficLightSystem.c"
 Parameters:    Size  Location     Type
  baudrate        4   15[BANK1 ] const long 
 Auto vars:     Size  Location     Type
  x               2   31[BANK1 ] unsigned int 
 Return value:  Size  Location     Type
                  1    wreg      unsigned char 
 Registers used:
		wreg, status,2, status,0, pclath, cstack
 Tracked objects:
		On entry : 
		On exit  : 
		Unchanged: 
 Data sizes:     COMMON   BANK0   BANK1   BANK3   BANK2
      Params:         0       0       4       0       0
      Locals:         0       0       2       0       0
      Temps:          0       0      12       0       0
      Totals:         0       0      18       0       0
Total ram usage:       18 bytes
 Hardware stack levels used:    1
 Hardware stack levels required when called:    4
 This function calls:
		___aldiv
 This function is called by:
		_main
 This function uses a non-reentrant model


 *************** function ___aldiv *****************
 Defined at:
		line 6 in file "C:\Program Files (x86)\Microchip\xc8\v1.44\sources\common\aldiv.c"
 Parameters:    Size  Location     Type
  divisor         4    0[BANK1 ] long 
  dividend        4    4[BANK1 ] long 
 Auto vars:     Size  Location     Type
  quotient        4   11[BANK1 ] long 
  sign            1   10[BANK1 ] unsigned char 
  counter         1    9[BANK1 ] unsigned char 
 Return value:  Size  Location     Type
                  4    0[BANK1 ] long 
 Registers used:
		wreg, status,2, status,0
 Tracked objects:
		On entry : 
		On exit  : 
		Unchanged: 
 Data sizes:     COMMON   BANK0   BANK1   BANK3   BANK2
      Params:         0       0       8       0       0
      Locals:         0       0       6       0       0
      Temps:          0       0       1       0       0
      Totals:         0       0      15       0       0
Total ram usage:       15 bytes
 Hardware stack levels used:    1
 Hardware stack levels required when called:    3
 This function calls:
		Nothing
 This function is called by:
		_UART_Init
 This function uses a non-reentrant model


 *************** function _UART_Data_Ready *****************
 Defined at:
		line 40 in file "RoadCrossingTrafficLightSystem.c"
 Parameters:    Size  Location     Type
		None
 Auto vars:     Size  Location     Type
		None
 Return value:  Size  Location     Type
                  1    wreg      unsigned char 
 Registers used:
		wreg
 Tracked objects:
		On entry : 
		On exit  : 
		Unchanged: 
 Data sizes:     COMMON   BANK0   BANK1   BANK3   BANK2
      Params:         0       0       0       0       0
      Locals:         0       0       0       0       0
      Temps:          0       0       0       0       0
      Totals:         0       0       0       0       0
Total ram usage:        0 bytes
 Hardware stack levels used:    1
 Hardware stack levels required when called:    3
 This function calls:
		Nothing
 This function is called by:
		_main
 This function uses a non-reentrant model


 *************** function _ISR *****************
 Defined at:
		line 85 in file "RoadCrossingTrafficLightSystem.c"
 Parameters:    Size  Location     Type
		None
 Auto vars:     Size  Location     Type
  j               2   50[BANK0 ] int 
  x0              2   42[BANK0 ] int 
  x1              2   40[BANK0 ] int 
  x2              2   38[BANK0 ] int 
  i               2   52[BANK0 ] int 
  dl              2   46[BANK0 ] int 
  x               2   48[BANK0 ] int 
 Return value:  Size  Location     Type
                  1    wreg      void 
 Registers used:
		wreg, fsr0l, fsr0h, status,2, status,0, btemp+1, pclath, cstack
 Tracked objects:
		On entry : 
		On exit  : 
		Unchanged: 
 Data sizes:     COMMON   BANK0   BANK1   BANK3   BANK2
      Params:         0       0       0       0       0
      Locals:         0      16       0       0       0
      Temps:          0       8       0       0       0
      Totals:         0      24       0       0       0
Total ram usage:       24 bytes
 Hardware stack levels used:    1
 Hardware stack levels required when called:    2
 This function calls:
		___awdiv
		___awmod
		___awtoft
		___ftmul
		___fttol
		___wmul
		_decTo7Seg
 This function is called by:
		Interrupt level 1
 This function uses a non-reentrant model


 *************** function _decTo7Seg *****************
 Defined at:
		line 70 in file "RoadCrossingTrafficLightSystem.c"
 Parameters:    Size  Location     Type
  a               2    0[COMMON] int 
 Auto vars:     Size  Location     Type
		None
 Return value:  Size  Location     Type
                  1    wreg      unsigned char 
 Registers used:
		wreg, fsr0l, fsr0h, status,2, status,0
 Tracked objects:
		On entry : 
		On exit  : 
		Unchanged: 
 Data sizes:     COMMON   BANK0   BANK1   BANK3   BANK2
      Params:         2       0       0       0       0
      Locals:         0       0       0       0       0
      Temps:          0       0       0       0       0
      Totals:         2       0       0       0       0
Total ram usage:        2 bytes
 Hardware stack levels used:    1
 This function calls:
		Nothing
 This function is called by:
		_ISR
 This function uses a non-reentrant model


 *************** function ___wmul *****************
 Defined at:
		line 15 in file "C:\Program Files (x86)\Microchip\xc8\v1.44\sources\common\Umul16.c"
 Parameters:    Size  Location     Type
  multiplier      2    0[COMMON] unsigned int 
  multiplicand    2    2[COMMON] unsigned int 
 Auto vars:     Size  Location     Type
  product         2    4[COMMON] unsigned int 
 Return value:  Size  Location     Type
                  2    0[COMMON] unsigned int 
 Registers used:
		wreg, status,2, status,0
 Tracked objects:
		On entry : 
		On exit  : 
		Unchanged: 
 Data sizes:     COMMON   BANK0   BANK1   BANK3   BANK2
      Params:         4       0       0       0       0
      Locals:         2       0       0       0       0
      Temps:          0       0       0       0       0
      Totals:         6       0       0       0       0
Total ram usage:        6 bytes
 Hardware stack levels used:    1
 This function calls:
		Nothing
 This function is called by:
		_ISR
 This function uses a non-reentrant model


 *************** function ___fttol *****************
 Defined at:
		line 44 in file "C:\Program Files (x86)\Microchip\xc8\v1.44\sources\common\fttol.c"
 Parameters:    Size  Location     Type
  f1              3   16[BANK0 ] float 
 Auto vars:     Size  Location     Type
  lval            4   25[BANK0 ] unsigned long 
  exp1            1   29[BANK0 ] unsigned char 
  sign1           1   24[BANK0 ] unsigned char 
 Return value:  Size  Location     Type
                  4   16[BANK0 ] long 
 Registers used:
		wreg, status,2, status,0
 Tracked objects:
		On entry : 
		On exit  : 
		Unchanged: 
 Data sizes:     COMMON   BANK0   BANK1   BANK3   BANK2
      Params:         0       4       0       0       0
      Locals:         0       6       0       0       0
      Temps:          0       4       0       0       0
      Totals:         0      14       0       0       0
Total ram usage:       14 bytes
 Hardware stack levels used:    1
 This function calls:
		Nothing
 This function is called by:
		_ISR
 This function uses a non-reentrant model


 *************** function ___ftmul *****************
 Defined at:
		line 62 in file "C:\Program Files (x86)\Microchip\xc8\v1.44\sources\common\ftmul.c"
 Parameters:    Size  Location     Type
  f1              3    0[BANK0 ] float 
  f2              3    3[BANK0 ] float 
 Auto vars:     Size  Location     Type
  f3_as_produc    3   11[BANK0 ] unsigned um
  sign            1   15[BANK0 ] unsigned char 
  cntr            1   14[BANK0 ] unsigned char 
  exp             1   10[BANK0 ] unsigned char 
 Return value:  Size  Location     Type
                  3    0[BANK0 ] float 
 Registers used:
		wreg, status,2, status,0, pclath, cstack
 Tracked objects:
		On entry : 
		On exit  : 
		Unchanged: 
 Data sizes:     COMMON   BANK0   BANK1   BANK3   BANK2
      Params:         0       6       0       0       0
      Locals:         0       6       0       0       0
      Temps:          0       4       0       0       0
      Totals:         0      16       0       0       0
Total ram usage:       16 bytes
 Hardware stack levels used:    1
 Hardware stack levels required when called:    1
 This function calls:
		___ftpack
 This function is called by:
		_ISR
 This function uses a non-reentrant model


 *************** function ___awtoft *****************
 Defined at:
		line 32 in file "C:\Program Files (x86)\Microchip\xc8\v1.44\sources\common\awtoft.c"
 Parameters:    Size  Location     Type
  c               2    8[COMMON] int 
 Auto vars:     Size  Location     Type
  sign            1   13[COMMON] unsigned char 
 Return value:  Size  Location     Type
                  3    8[COMMON] float 
 Registers used:
		wreg, status,2, status,0, pclath, cstack
 Tracked objects:
		On entry : 
		On exit  : 
		Unchanged: 
 Data sizes:     COMMON   BANK0   BANK1   BANK3   BANK2
      Params:         3       0       0       0       0
      Locals:         1       0       0       0       0
      Temps:          2       0       0       0       0
      Totals:         6       0       0       0       0
Total ram usage:        6 bytes
 Hardware stack levels used:    1
 Hardware stack levels required when called:    1
 This function calls:
		___ftpack
 This function is called by:
		_ISR
 This function uses a non-reentrant model


 *************** function ___ftpack *****************
 Defined at:
		line 62 in file "C:\Program Files (x86)\Microchip\xc8\v1.44\sources\common\float.c"
 Parameters:    Size  Location     Type
  arg             3    0[COMMON] unsigned um
  exp             1    3[COMMON] unsigned char 
  sign            1    4[COMMON] unsigned char 
 Auto vars:     Size  Location     Type
		None
 Return value:  Size  Location     Type
                  3    0[COMMON] float 
 Registers used:
		wreg, status,2, status,0
 Tracked objects:
		On entry : 
		On exit  : 
		Unchanged: 
 Data sizes:     COMMON   BANK0   BANK1   BANK3   BANK2
      Params:         5       0       0       0       0
      Locals:         0       0       0       0       0
      Temps:          3       0       0       0       0
      Totals:         8       0       0       0       0
Total ram usage:        8 bytes
 Hardware stack levels used:    1
 This function calls:
		Nothing
 This function is called by:
		___awtoft
		___ftmul
 This function uses a non-reentrant model


 *************** function ___awmod *****************
 Defined at:
		line 6 in file "C:\Program Files (x86)\Microchip\xc8\v1.44\sources\common\awmod.c"
 Parameters:    Size  Location     Type
  divisor         2    0[COMMON] int 
  dividend        2    2[COMMON] int 
 Auto vars:     Size  Location     Type
  sign            1    6[COMMON] unsigned char 
  counter         1    5[COMMON] unsigned char 
 Return value:  Size  Location     Type
                  2    0[COMMON] int 
 Registers used:
		wreg, status,2, status,0
 Tracked objects:
		On entry : 
		On exit  : 
		Unchanged: 
 Data sizes:     COMMON   BANK0   BANK1   BANK3   BANK2
      Params:         4       0       0       0       0
      Locals:         2       0       0       0       0
      Temps:          1       0       0       0       0
      Totals:         7       0       0       0       0
Total ram usage:        7 bytes
 Hardware stack levels used:    1
 This function calls:
		Nothing
 This function is called by:
		_ISR
 This function uses a non-reentrant model


 *************** function ___awdiv *****************
 Defined at:
		line 6 in file "C:\Program Files (x86)\Microchip\xc8\v1.44\sources\common\awdiv.c"
 Parameters:    Size  Location     Type
  divisor         2    7[COMMON] int 
  dividend        2    9[COMMON] int 
 Auto vars:     Size  Location     Type
  quotient        2    2[BANK0 ] int 
  sign            1    1[BANK0 ] unsigned char 
  counter         1    0[BANK0 ] unsigned char 
 Return value:  Size  Location     Type
                  2    7[COMMON] int 
 Registers used:
		wreg, status,2, status,0
 Tracked objects:
		On entry : 
		On exit  : 
		Unchanged: 
 Data sizes:     COMMON   BANK0   BANK1   BANK3   BANK2
      Params:         4       0       0       0       0
      Locals:         0       4       0       0       0
      Temps:          1       0       0       0       0
      Totals:         5       4       0       0       0
Total ram usage:        9 bytes
 Hardware stack levels used:    1
 This function calls:
		Nothing
 This function is called by:
		_ISR
 This function uses a non-reentrant model



MODULE INFORMATION

Module		Function		Class		Link	Load	Size
C:\Program Files (x86)\Microchip\xc8\v1.44\sources\common\awtoft.c
		___awtoft      		CODE           	07D6	0000	34

C:\Program Files (x86)\Microchip\xc8\v1.44\sources\common\awtoft.c estimated size: 34

RoadCrossingTrafficLightSystem.c
		_ISR           		CODE           	003C	0000	491
		_UART_Read     		CODE           	07F7	0000	7
		_UART_Data_Ready		CODE           	0FFA	0000	7
		_UART_Init     		CODE           	036F	0000	230
		_main          		CODE           	0226	0000	330
		_UART_Read_Text		CODE           	0791	0000	37
		_decTo7Seg     		CODE           	0756	0000	60

RoadCrossingTrafficLightSystem.c estimated size: 1162

C:\Program Files (x86)\Microchip\xc8\v1.44\sources\common\ftmul.c
		___ftmul       		CODE           	0454	0000	212

C:\Program Files (x86)\Microchip\xc8\v1.44\sources\common\ftmul.c estimated size: 212

C:\Program Files (x86)\Microchip\xc8\v1.44\sources\common\awmod.c
		___awmod       		CODE           	070B	0000	76

C:\Program Files (x86)\Microchip\xc8\v1.44\sources\common\awmod.c estimated size: 76

C:\Program Files (x86)\Microchip\xc8\v1.44\sources\common\Umul16.c
		___wmul        		CODE           	07B5	0000	34

C:\Program Files (x86)\Microchip\xc8\v1.44\sources\common\Umul16.c estimated size: 34

C:\Program Files (x86)\Microchip\xc8\v1.44\sources\common\fttol.c
		___fttol       		CODE           	05B6	0000	143

C:\Program Files (x86)\Microchip\xc8\v1.44\sources\common\fttol.c estimated size: 143

shared
		__initialization		CODE           	0015	0000	36

shared estimated size: 36

C:\Program Files (x86)\Microchip\xc8\v1.44\sources\common\awdiv.c
		___awdiv       		CODE           	06B0	0000	92

C:\Program Files (x86)\Microchip\xc8\v1.44\sources\common\awdiv.c estimated size: 92

C:\Program Files (x86)\Microchip\xc8\v1.44\sources\common\aldiv.c
		___aldiv       		CODE           	0527	0000	144

C:\Program Files (x86)\Microchip\xc8\v1.44\sources\common\aldiv.c estimated size: 144

C:\Program Files (x86)\Microchip\xc8\v1.44\sources\common\float.c
		___ftpack      		CODE           	0644	0000	109

C:\Program Files (x86)\Microchip\xc8\v1.44\sources\common\float.c estimated size: 109

